// Jest Snapshot v1, https://goo.gl/fbAQLP

exports[`<Footer /> should match snapshot 1`] = `
.c2 {
  width: 100%;
  max-width: 1200px;
  margin: 0 auto;
  padding: 3.2rem;
}

.c4 {
  font-size: 2.4rem;
}

.c0 {
  text-align: center;
  border-top: 0.1rem solid #DDDDDD;
  padding: 1.6rem;
}

.c0 .c3 {
  font-size: 1.6rem;
}

.c0 .c1 {
  padding-top: 0;
  padding-bottom: 0;
}

.c0 a {
  color: inherit;
  -webkit-text-decoration: none;
  text-decoration: none;
}

<footer
  class="c0"
>
  <div
    class="c1 c2"
  >
    <div
      class="c3 c4"
    >
      <h2>
        Footer
      </h2>
      <h2 />
    </div>
  </div>
</footer>
`;
