// Jest Snapshot v1, https://goo.gl/fbAQLP

exports[`<MenuLink /> should match snapshot 1`] = `
.c0 {
  display: block;
  -webkit-text-decoration: none;
  text-decoration: none;
  position: relative;
  padding: 1.6rem;
  color: #0A1128;
  font-size: 1.6rem;
}

.c0::after {
  content: '';
  width: 0%;
  height: 0.2rem;
  bottom: 0;
  left: 50%;
  position: absolute;
  -webkit-transition: all 300ms ease-in-out;
  transition: all 300ms ease-in-out;
  background-color: #dc143c;
}

.c0:hover::after {
  left: 25%;
  width: 50%;
}

<a
  class="c0"
  href="https://google.com"
  target="_blank"
>
  My Link
</a>
`;
