// Jest Snapshot v1, https://goo.gl/fbAQLP

exports[`<GoTop /> should match snapshot 1`] = `
.c1 {
  display: inline-block;
  vertical-align: middle;
  overflow: hidden;
}

.c0 {
  width: 4rem;
  height: 4rem;
  border-radius: 50%;
  display: -webkit-box;
  display: -webkit-flex;
  display: -ms-flexbox;
  display: flex;
  -webkit-align-items: center;
  -webkit-box-align: center;
  -ms-flex-align: center;
  align-items: center;
  -webkit-box-pack: center;
  -webkit-justify-content: center;
  -ms-flex-pack: center;
  justify-content: center;
  position: fixed;
  bottom: 2rem;
  right: 2rem;
  z-index: 6;
  opacity: 0.7;
  color: #FFFFFF;
  background-color: #0A1128;
}

<a
  aria-label="Go to top"
  class="c0"
  href="#"
  title="Go to top"
>
  <svg
    aria-hidden="true"
    class="c1"
    fill="currentColor"
    focusable="false"
    viewBox="0 0 24 24"
    xmlns="http://www.w3.org/2000/svg"
  >
    <path
      d="M0 0h24v24H0V0z"
      fill="none"
    />
    <path
      d="M7.41 15.41L12 10.83l4.59 4.58L18 14l-6-6-6 6 1.41 1.41z"
    />
  </svg>
</a>
`;
